[meg220.ru/index.html]
[backblue.gif]
[fade.gif]
[index.html]
[meg220.ru/wp-content/plugins/chaty/css/chaty-front.minb03f.css]
[meg220.ru/wp-content/themes/astra/assets/css/minified/main.min1ac1.css]
[meg220.ru/feed/index.html]
[meg220.ru/wp-content/plugins/instagram-feed-pro/css/sbi-styles.min41a3.css]
[meg220.ru/comments/feed/index.html]
[meg220.ru/wp-includes/css/dist/block-library/style.min6281.css]
[meg220.ru/wp-content/plugins/templately/assets/css/editore7f0.css]
[meg220.ru/wp-content/plugins/elementor/assets/lib/eicons/css/elementor-icons.min05c8.css]
[meg220.ru/wp-content/plugins/elementor/assets/css/frontend.minb045.css]
[meg220.ru/wp-content/plugins/elementor/assets/lib/eicons/fonts/eicons0b93.eot]
[meg220.ru/wp-content/uploads/2021/11/bg-5.png]
[meg220.ru/wp-content/uploads/2021/11/tools-3.png]
[meg220.ru/wp-content/uploads/2021/11/bggg.png]
[meg220.ru/wp-content/uploads/2021/11/mybg.png]
[meg220.ru/wp-content/uploads/2021/11/image-bg.png]
[meg220.ru/wp-content/uploads/2021/11/bg.png]
[meg220.ru/wp-content/uploads/2021/11/image-removebg-preview-2021-08-07T023052-1.png]
[meg220.ru/wp-content/uploads/2021/11/woman-making-modern-app-interface-1.png]
[meg220.ru/wp-content/uploads/2021/11/woman-making-modern-app-interface-1-1.png]
[meg220.ru/wp-content/uploads/2021/11/hands-of-engineer-working-on-blueprint-construction-concept-engineering-tools-vintage-tone-retro-filter-effect-soft-focus-selective-focus-1.png]
[meg220.ru/wp-content/plugins/elementor-pro/assets/css/frontend.min324d.css]
[meg220.ru/wp-content/plugins/elementor/assets/lib/font-awesome/css/all.min6996.css]
[meg220.ru/wp-content/plugins/elementor/assets/lib/font-awesome/css/v4-shims.min1845.css]
[meg220.ru/wp-content/uploads/forminator/css/style-3852d868.css]
[meg220.ru/wp-content/plugins/forminator/assets/forminator-ui/css/forminator-icons.minedf9.css]
[meg220.ru/wp-content/plugins/forminator/assets/forminator-ui/css/src/grid/forminator-grid.open.minedf9.css]
[meg220.ru/wp-content/plugins/forminator/assets/forminator-ui/css/src/form/forminator-form-default.base.minedf9.css]
[meg220.ru/wp-content/plugins/forminator/assets/forminator-ui/css/src/form/forminator-form-default.full.minedf9.css]
[meg220.ru/wp-content/plugins/forminator/assets/css/intlTelInput.minfa0c.css]
[meg220.ru/wp-includes/css/buttons.min6281.css]
[meg220.ru/wp-content/uploads/pum/pum-site-stylesb55a.css]
[meg220.ru/wp-content/uploads/forminator/css/style-10180a83.css]
[meg220.ru/wp-content/plugins/elementor/assets/lib/font-awesome/css/fontawesome.min52d5.css]
[meg220.ru/wp-includes/js/jquery/jquery.minaf6c.js]
[meg220.ru/wp-includes/js/jquery/jquery-migrate.mind617.js]
[meg220.ru/wp-content/plugins/chaty/js/cht-front-scriptb03f.js]
[meg220.ru/wp-content/plugins/elementor/assets/lib/font-awesome/js/v4-shims.min1845.js]
[meg220.ru/wp-content/plugins/forminator/assets/js/library/jquery.validate.minedf9.js]
[meg220.ru/wp-content/plugins/forminator/assets/forminator-ui/js/forminator-form.minedf9.js]
[meg220.ru/wp-content/plugins/forminator/build/front/front.multi.minedf9.js]
[meg220.ru/wp-content/plugins/forminator/assets/js/library/intlTelInput.minedf9.js]
[meg220.ru/wp-json/index.html]
[meg220.ru/wp-json/wp/v2/pages/4968.json]
[meg220.ru/xmlrpc0db0.php]
[meg220.ru/wp-includes/wlwmanifest.xml]
[meg220.ru/wp-json/oembed/1.0/embed995a.json]
[meg220.ru/wp-json/oembed/1.0/embedcfff]
[meg220.ru/wp-content/uploads/2021/10/favicon-7.ico]
[meg220.ru/wp-content/uploads/2021/11/photo.png]
[meg220.ru/wp-content/uploads/2021/11/ruble.png]
[meg220.ru/wp-content/uploads/2021/11/002-shield.png]
[meg220.ru/wp-content/uploads/2021/11/003-multiple-users-silhouette.png]
[meg220.ru/wp-content/uploads/2021/11/image-removebg-preview-2021-06-27T195654-1.png]
[meg220.ru/wp-content/uploads/2021/11/image-removebg-preview-79-1.png]
[meg220.ru/wp-content/uploads/2021/11/project_1-removebg-preview-1.png]
[meg220.ru/wp-content/uploads/2021/11/5896157-1.png]
[meg220.ru/wp-content/uploads/2021/11/1637254656907-e1637255231169.png]
[meg220.ru/wp-content/uploads/2021/11/1637677667941-e1637678029408.png]
[meg220.ru/wp-content/uploads/2021/11/1637248553168-e1637248912349.png]
[meg220.ru/wp-content/uploads/2021/11/1637261644564-e1637261875516.png]
[meg220.ru/wp-content/uploads/2021/11/1637261644564-1-e1637262393988.png]
[meg220.ru/wp-content/uploads/2021/11/1637258157525-e1637259975922.png]
[meg220.ru/wp-content/uploads/2021/11/1637251808845-e1637260246369.png]
[meg220.ru/wp-content/uploads/2021/11/1637259178555-e1637259645964.png]
[meg220.ru/wp-content/uploads/2021/11/image-removebg-preview-100-3.png]
[meg220.ru/wp-content/uploads/2021/11/Group-56.png]
[meg220.ru/wp-content/uploads/2021/11/Group-55.png]
[meg220.ru/wp-content/uploads/2021/11/s1200-1.png]
[meg220.ru/wp-content/uploads/2021/11/image-15-1.png]
[meg220.ru/wp-content/uploads/2021/11/image-removebg-preview-2021-10-26T150442-1.png]
[meg220.ru/wp-content/uploads/2021/12/deposit_bus_3-11.png]
[meg220.ru/wp-content/uploads/2021/12/m-welcome1-11.png]
[meg220.ru/wp-content/uploads/2021/12/m-welcome1-111.png]
[meg220.ru/wp-content/plugins/instagram-feed-pro/img/placeholder.png]
[scontent.cdninstagram.com/v/t51.29350-15/269949201_508089870410227_7057278375720614068_nc68c.jpg]
[scontent.cdninstagram.com/v/t51.29350-15/257728715_638843897121058_7293445115264953092_na501.jpg]
[scontent.cdninstagram.com/v/t51.29350-15/257506506_320808619478741_5553774070335759740_nffb1.jpg]
[scontent.cdninstagram.com/v/t51.29350-15/257708419_112980177862836_9070064083024485640_nde0f.jpg]
[scontent.cdninstagram.com/v/t51.29350-15/254065472_411708110500829_2844338253337523323_n6e4a.jpg]
[scontent.cdninstagram.com/v/t51.29350-15/248452072_1280992829010612_1364294463722483656_nc247.jpg]
[scontent.cdninstagram.com/v/t51.29350-15/241106057_562245921634655_6544121486546896305_nc2e6.jpg]
[scontent.cdninstagram.com/v/t51.29350-15/228086003_188917596591318_3185323014159947912_n6938.jpg]
[scontent.cdninstagram.com/v/t51.29350-15/218726585_215787480423688_3239723891951272903_n4251.jpg]
[scontent.cdninstagram.com/v/t51.29350-15/209439355_545333603497893_5200208678739642337_n1c27.jpg]
[scontent.cdninstagram.com/v/t51.29350-15/209695544_807320819931132_8787636599342513785_na732.jpg]
[scontent.cdninstagram.com/v/t51.29350-15/192693942_311483203812430_6840893103727979011_n260f.jpg]
[meg220.ru/wp-content/uploads/2021/11/tools-1.png]
[meg220.ru/wp-content/uploads/2021/11/tools-2.png]
[meg220.ru/wp-content/uploads/2021/11/calculator-image.png]
[meg220.ru/wp-content/uploads/2021/11/Group-57-1.png]
[meg220.ru/wp-content/uploads/2021/11/ruble-1.png]
[meg220.ru/wp-content/uploads/2021/11/003-multiple-users-silhouette-1.png]
[meg220.ru/wp-content/uploads/2021/11/СНиП.png]
[meg220.ru/wp-content/uploads/2021/11/002-shield-1.png]
[meg220.ru/wp-content/uploads/2021/11/tools-4.png]
[meg220.ru/wp-content/uploads/2021/11/001-extension-cord.png]
[meg220.ru/wp-content/uploads/2021/11/002-wires.png]
[meg220.ru/wp-content/uploads/2021/11/003-fuse-box.png]
[meg220.ru/wp-content/uploads/2021/11/004-electric-meter.png]
[meg220.ru/wp-content/uploads/2021/11/005-light-bulb.png]
[meg220.ru/wp-content/uploads/2021/11/007-insulating-tape.png]
[meg220.ru/wp-content/uploads/2021/11/008-electricity.png]
[meg220.ru/wp-content/uploads/2021/11/009-plug.png]
[meg220.ru/wp-content/uploads/2021/11/010-circuit.png]
[meg220.ru/wp-content/uploads/2021/11/011-electric-tower.png]
[meg220.ru/wp-content/uploads/2021/11/012-ground.png]
[meg220.ru/wp-content/uploads/2021/11/013-hand-drill.png]
[meg220.ru/wp-content/uploads/2021/11/tools-5.png]
[meg220.ru/wp-content/uploads/2021/11/2020-12-01-22-40-26.jpg]
[meg220.ru/wp-content/uploads/2021/11/2020-12-01-22-40-26-141x300.jpg]
[meg220.ru/wp-content/uploads/2021/11/2020-12-01-22-42-31.jpg]
[meg220.ru/wp-content/uploads/2021/11/2020-12-01-22-42-31-141x300.jpg]
[meg220.ru/wp-content/uploads/2021/11/2020-12-01-22-49-09.jpg]
[meg220.ru/wp-content/uploads/2021/11/2020-12-01-22-49-09-141x300.jpg]
[meg220.ru/wp-content/uploads/2021/11/2020-12-01-22-50-19.jpg]
[meg220.ru/wp-content/uploads/2021/11/2020-12-01-22-50-19-141x300.jpg]
[meg220.ru/wp-content/uploads/2021/11/2020-12-05-21-36-32.jpg]
[meg220.ru/wp-content/uploads/2021/11/2020-12-05-21-36-32-141x300.jpg]
[meg220.ru/wp-content/uploads/2021/11/2020-12-10-00-14-52.jpg]
[meg220.ru/wp-content/uploads/2021/11/2020-12-10-00-14-52-141x300.jpg]
[meg220.ru/wp-content/uploads/2021/11/IMG_20201201_223816.jpg]
[meg220.ru/wp-content/uploads/2021/11/IMG_20201201_223816-140x300.jpg]
[meg220.ru/wp-content/uploads/2021/11/IMG_20201201_225556.jpg]
[meg220.ru/wp-content/uploads/2021/11/IMG_20201201_225556-141x300.jpg]
[meg220.ru/wp-content/uploads/2021/11/IMG_20201201_230638.jpg]
[meg220.ru/wp-content/uploads/2021/11/IMG_20201201_230638-141x300.jpg]
[meg220.ru/wp-content/uploads/2021/11/IMG_20201201_212723.jpg]
[meg220.ru/wp-content/uploads/2021/11/IMG_20201201_212723-229x300.jpg]
[meg220.ru/wp-content/uploads/2021/11/IMG_20201201_212813.jpg]
[meg220.ru/wp-content/uploads/2021/11/IMG_20201201_212813-300x281.jpg]
[meg220.ru/wp-content/uploads/2021/11/IMG_20201201_212934.jpg]
[meg220.ru/wp-content/uploads/2021/11/IMG_20201201_212934-300x211.jpg]
[meg220.ru/wp-content/uploads/2021/11/IMG_20201201_213020.jpg]
[meg220.ru/wp-content/uploads/2021/11/IMG_20201201_213020-300x143.jpg]
[meg220.ru/wp-content/uploads/2021/11/IMG_20201201_213159.jpg]
[meg220.ru/wp-content/uploads/2021/11/IMG_20201201_213159-300x182.jpg]
[meg220.ru/wp-content/uploads/2021/11/IMG_20201202_102314.jpg]
[meg220.ru/wp-content/uploads/2021/11/IMG_20201202_102314-300x225.jpg]
[meg220.ru/wp-content/uploads/2021/11/IMG_20201202_215249.jpg]
[meg220.ru/wp-content/uploads/2021/11/IMG_20201202_215249-259x300.jpg]
[meg220.ru/wp-content/uploads/2021/11/IMG_20201203_191953.jpg]
[meg220.ru/wp-content/uploads/2021/11/IMG_20201203_191953-300x185.jpg]
[meg220.ru/wp-content/uploads/2021/11/IMG_20201206_221751.jpg]
[meg220.ru/wp-content/uploads/2021/11/IMG_20201206_221751-300x183.jpg]
[meg220.ru/wp-content/uploads/2021/11/Screenshot_2021-11-13-19-02-45-95_1c337646f29875672b5a61192b9010f9.jpg]
[meg220.ru/wp-content/uploads/2021/11/Screenshot_2021-11-13-19-02-45-95_1c337646f29875672b5a61192b9010f9-280x300.jpg]
[meg220.ru/wp-content/uploads/2021/11/1501-1-1.png]
[meg220.ru/wp-content/uploads/2021/11/image-removebg-preview-2021-10-26T174518-1.png]
[meg220.ru/wp-content/uploads/2021/11/project_1-removebg-preview-1-1.png]
[meg220.ru/wp-content/uploads/2021/11/image-removebg-preview-2021-06-27T154522-1.png]
[meg220.ru/wp-content/uploads/2021/11/Group-57-1-1.png]
[meg220.ru/wp-content/uploads/2021/11/Group-58-1.png]
[meg220.ru/wp-content/uploads/2021/11/Group-65.png]
[meg220.ru/wp-content/uploads/2021/12/Безымянный4-1.png]
[meg220.ru/wp-content/uploads/2021/11/1637672965400-e1637673732735.png]
[meg220.ru/wp-content/uploads/2021/11/6f0cc704-1.png]
[meg220.ru/wp-content/uploads/2021/11/1637673134000-e1637674534198.png]
[meg220.ru/wp-content/uploads/2021/11/image-removebg-preview-2021-10-26T173305-1.png]
[meg220.ru/wp-content/uploads/2021/11/1637671755782-e1637674407472.png]
[meg220.ru/wp-content/uploads/2021/11/IMG20201128213447-1.jpg]
[meg220.ru/wp-content/uploads/2021/11/IMG20201128213447-1-225x300.jpg]
[meg220.ru/wp-content/uploads/2021/11/IMG20201128213759-1.jpg]
[meg220.ru/wp-content/uploads/2021/11/IMG20201128213759-1-225x300.jpg]
[meg220.ru/wp-content/uploads/2021/11/IMG20201128215151-1.jpg]
[meg220.ru/wp-content/uploads/2021/11/IMG20201128215151-1-225x300.jpg]
[meg220.ru/wp-content/uploads/2021/11/IMG20201128215836-1.jpg]
[meg220.ru/wp-content/uploads/2021/11/IMG20201128215836-1-300x225.jpg]
[meg220.ru/wp-content/uploads/2021/11/IMG_20201128_234022-1.jpg]
[meg220.ru/wp-content/uploads/2021/11/IMG_20201128_234022-1-218x300.jpg]
[meg220.ru/wp-content/uploads/2021/11/IMG_20201128_234213-1.jpg]
[meg220.ru/wp-content/uploads/2021/11/IMG_20201128_234213-1-238x300.jpg]
[meg220.ru/wp-content/uploads/2021/11/IMG20201128212610-1.jpg]
[meg220.ru/wp-content/uploads/2021/11/IMG20201128212610-1-225x300.jpg]
[meg220.ru/wp-content/uploads/2021/11/IMG20201128213420-1.jpg]
[meg220.ru/wp-content/uploads/2021/11/IMG20201128213420-1-225x300.jpg]
[meg220.ru/wp-content/uploads/2021/11/IMG_20201001_190050-1.jpg]
[meg220.ru/wp-content/uploads/2021/11/IMG_20201001_190050-1-300x169.jpg]
[meg220.ru/wp-content/uploads/2021/11/IMG20201001144153-1.jpg]
[meg220.ru/wp-content/uploads/2021/11/IMG20201001144153-1-300x169.jpg]
[meg220.ru/wp-content/uploads/2021/11/IMG20201001144246-1.jpg]
[meg220.ru/wp-content/uploads/2021/11/IMG20201001144246-1-169x300.jpg]
[meg220.ru/wp-content/uploads/2021/11/IMG20201001144302-1.jpg]
[meg220.ru/wp-content/uploads/2021/11/IMG20201001144302-1-169x300.jpg]
[meg220.ru/wp-content/uploads/2021/11/IMG20201001144604-1.jpg]
[meg220.ru/wp-content/uploads/2021/11/IMG20201001144604-1-169x300.jpg]
[meg220.ru/wp-content/uploads/2021/11/IMG20201001160103-1.jpg]
[meg220.ru/wp-content/uploads/2021/11/IMG20201001160103-1-169x300.jpg]
[meg220.ru/wp-content/uploads/2021/11/IMG_20201001_185737-1.jpg]
[meg220.ru/wp-content/uploads/2021/11/IMG_20201001_185737-1-300x169.jpg]
[meg220.ru/wp-content/uploads/2021/11/IMG_20191226_220215-1-rotated.jpg]
[meg220.ru/wp-content/uploads/2021/11/IMG_20191226_220215-1-169x300.jpg]
[meg220.ru/wp-content/uploads/2021/11/IMG_20191226_220228-1-rotated.jpg]
[meg220.ru/wp-content/uploads/2021/11/IMG_20191226_220228-1-169x300.jpg]
[meg220.ru/wp-content/uploads/2021/11/IMG_20191226_220259-1-rotated.jpg]
[meg220.ru/wp-content/uploads/2021/11/IMG_20191226_220259-1-300x300.jpg]
[meg220.ru/wp-content/uploads/2021/11/IMG_20191226_220336-1-rotated.jpg]
[meg220.ru/wp-content/uploads/2021/11/IMG_20191226_220336-1-300x300.jpg]
[meg220.ru/wp-content/uploads/2021/11/IMG_20191226_220652-1-rotated.jpg]
[meg220.ru/wp-content/uploads/2021/11/IMG_20191226_220652-1-300x300.jpg]
[meg220.ru/wp-content/uploads/2021/11/IMG_20191226_220702-1-rotated.jpg]
[meg220.ru/wp-content/uploads/2021/11/IMG_20191226_220702-1-300x300.jpg]
[meg220.ru/wp-content/uploads/2021/11/IMG_20191226_220916-1-rotated.jpg]
[meg220.ru/wp-content/uploads/2021/11/IMG_20191226_220916-1-300x300.jpg]
[meg220.ru/wp-content/uploads/2021/11/IMG_20191226_221009-1-rotated.jpg]
[meg220.ru/wp-content/uploads/2021/11/IMG_20191226_221009-1-300x300.jpg]
[meg220.ru/wp-content/uploads/2021/11/IMG_20200409_161941-1-rotated.jpg]
[meg220.ru/wp-content/uploads/2021/11/IMG_20200409_161941-1-300x300.jpg]
[meg220.ru/wp-content/uploads/2021/11/IMG_20200409_162631-1-rotated.jpg]
[meg220.ru/wp-content/uploads/2021/11/IMG_20200409_162631-1-300x300.jpg]
[meg220.ru/wp-content/uploads/2021/11/IMG_20200409_162645-1-rotated.jpg]
[meg220.ru/wp-content/uploads/2021/11/IMG_20200409_162645-1-300x300.jpg]
[meg220.ru/wp-content/uploads/2021/11/IMG_20200409_173406-1.jpg]
[meg220.ru/wp-content/uploads/2021/11/IMG_20200409_173406-1-300x169.jpg]
[meg220.ru/wp-content/uploads/2021/11/IMG_20200410_134832-1-rotated.jpg]
[meg220.ru/wp-content/uploads/2021/11/IMG_20200410_134832-1-300x300.jpg]
[meg220.ru/wp-content/uploads/2021/11/IMG_20200410_134913-1-rotated.jpg]
[meg220.ru/wp-content/uploads/2021/11/IMG_20200410_134913-1-300x300.jpg]
[meg220.ru/wp-content/uploads/2021/11/IMG_20200410_151247-1-rotated.jpg]
[meg220.ru/wp-content/uploads/2021/11/IMG_20200410_151247-1-300x300.jpg]
[meg220.ru/wp-content/uploads/2021/11/IMG_20200410_154059-1-rotated.jpg]
[meg220.ru/wp-content/uploads/2021/11/IMG_20200410_154059-1-300x300.jpg]
[meg220.ru/wp-content/uploads/2021/11/IMG_20200410_154238-1-rotated.jpg]
[meg220.ru/wp-content/uploads/2021/11/IMG_20200410_154238-1-300x300.jpg]
[meg220.ru/wp-content/uploads/2021/11/IMG_20210121_091310-1.jpg]
[meg220.ru/wp-content/uploads/2021/11/IMG_20210121_091310-1-225x300.jpg]
[meg220.ru/wp-content/uploads/2021/11/IMG20210120211858-1.jpg]
[meg220.ru/wp-content/uploads/2021/11/IMG20210120211858-1-225x300.jpg]
[meg220.ru/wp-content/uploads/2021/11/IMG20210120212011-1.jpg]
[meg220.ru/wp-content/uploads/2021/11/IMG20210120212011-1-225x300.jpg]
[meg220.ru/wp-content/uploads/2021/11/IMG20210120213302-1.jpg]
[meg220.ru/wp-content/uploads/2021/11/IMG20210120213302-1-300x225.jpg]
[meg220.ru/wp-content/uploads/2021/11/IMG20210120213431-1.jpg]
[meg220.ru/wp-content/uploads/2021/11/IMG20210120213431-1-225x300.jpg]
[meg220.ru/wp-content/uploads/2021/11/IMG20210120213632-1.jpg]
[meg220.ru/wp-content/uploads/2021/11/IMG20210120213632-1-225x300.jpg]
[meg220.ru/wp-content/uploads/2021/11/IMG20210124115224-1.jpg]
[meg220.ru/wp-content/uploads/2021/11/IMG20210124115224-1-225x300.jpg]
[meg220.ru/wp-content/uploads/2021/11/IMG_20200504_150753-1-rotated.jpg]
[meg220.ru/wp-content/uploads/2021/11/IMG_20200504_150753-1-300x300.jpg]
[meg220.ru/wp-content/uploads/2021/11/IMG_20200523_135508-1-rotated.jpg]
[meg220.ru/wp-content/uploads/2021/11/IMG_20200523_135508-1-300x300.jpg]
[meg220.ru/wp-content/uploads/2021/11/IMG_20200523_135720-1-rotated.jpg]
[meg220.ru/wp-content/uploads/2021/11/IMG_20200523_135720-1-300x300.jpg]
[meg220.ru/wp-content/uploads/2021/11/IMG_20200523_140020-1-rotated.jpg]
[meg220.ru/wp-content/uploads/2021/11/IMG_20200523_140020-1-300x300.jpg]
[meg220.ru/wp-content/uploads/2021/11/IMG_20200523_140759-1-rotated.jpg]
[meg220.ru/wp-content/uploads/2021/11/IMG_20200523_140759-1-300x300.jpg]
[meg220.ru/wp-content/uploads/2021/11/IMG_20200523_143902-1-rotated.jpg]
[meg220.ru/wp-content/uploads/2021/11/IMG_20200523_143902-1-169x300.jpg]
[meg220.ru/wp-content/uploads/2021/11/IMG_20200523_160548-1-rotated.jpg]
[meg220.ru/wp-content/uploads/2021/11/IMG_20200523_160548-1-300x300.jpg]
[meg220.ru/wp-content/uploads/2021/11/IMG_20200523_203219-1-rotated.jpg]
[meg220.ru/wp-content/uploads/2021/11/IMG_20200523_203219-1-300x300.jpg]
[meg220.ru/wp-content/uploads/2021/11/IMG_20200523_213304-1-rotated.jpg]
[meg220.ru/wp-content/uploads/2021/11/IMG_20200523_213304-1-300x300.jpg]
[meg220.ru/wp-content/plugins/elementor/assets/lib/animations/animations.minb045.css]
[meg220.ru/wp-content/themes/astra/assets/js/minified/frontend.min1ac1.js]
[meg220.ru/wp-content/plugins/ungrabber/js/hotkeys.min7406.js]
[meg220.ru/wp-content/plugins/ungrabber/js/ungrabber.min7406.js]
[meg220.ru/wp-content/plugins/form-masks-for-elementor/assets/lib/jquery.maske225.js]
[meg220.ru/wp-content/plugins/form-masks-for-elementor/assets/js/elementor-maske225.js]
[meg220.ru/wp-includes/js/jquery/ui/core.min35d0.js]
[meg220.ru/wp-content/uploads/pum/pum-site-scripts3d37.js]
[meg220.ru/wp-content/plugins/wp-smushit/app/assets/js/smush-lazy-load.min2e46.js]
[meg220.ru/wp-content/plugins/instagram-feed-pro/js/sbi-scripts.min41a3.js]
[meg220.ru/wp-includes/js/wp-embed.min6281.js]
[meg220.ru/wp-content/plugins/elementor-pro/assets/lib/smartmenus/jquery.smartmenus.minf269.js]
[meg220.ru/wp-content/plugins/elementor-pro/assets/js/webpack-pro.runtime.min324d.js]
[meg220.ru/wp-content/plugins/elementor/assets/js/webpack.runtime.minb045.js]
[meg220.ru/wp-content/plugins/elementor/assets/js/frontend-modules.minb045.js]
[meg220.ru/wp-content/plugins/elementor-pro/assets/lib/sticky/jquery.sticky.min324d.js]
[meg220.ru/wp-content/plugins/elementor-pro/assets/js/frontend.min324d.js]
[meg220.ru/wp-content/plugins/elementor/assets/lib/waypoints/waypoints.min05da.js]
[meg220.ru/wp-content/plugins/elementor/assets/lib/swiper/swiper.min48f5.js]
[meg220.ru/wp-content/plugins/elementor/assets/lib/share-link/share-link.minb045.js]
[meg220.ru/wp-content/plugins/elementor/assets/lib/dialog/dialog.mina288.js]
[meg220.ru/wp-content/plugins/elementor/assets/js/frontend.minb045.js]
[meg220.ru/wp-content/plugins/elementor-pro/assets/js/preloaded-elements-handlers.min324d.js]
[meg220.ru/wp-content/plugins/elementor/assets/js/preloaded-modules.minb045.js]
[meg220.ru/index.html]
[mc.yandex.ru/metrika/tag.js]
[meg220.ru/wp-content/plugins/chaty/images/whatsapp.png]
[meg220.ru/wp-content/plugins/chaty/css/chaty-front.minb03f.css]
[meg220.ru/wp-content/themes/astra/assets/css/minified/main.min1ac1.css]
[meg220.ru/wp-content/plugins/instagram-feed-pro/img/sbi-sprite.png]
[meg220.ru/wp-content/plugins/instagram-feed-pro/css/sbi-styles.min41a3.css]
[meg220.ru/wp-includes/css/dist/block-library/style.min6281.css]
[meg220.ru/wp-content/plugins/templately/assets/css/editore7f0.css]
[meg220.ru/wp-content/plugins/elementor/assets/lib/eicons/fonts/eiconsc387.eot]
[meg220.ru/wp-content/plugins/elementor/assets/lib/eicons/fonts/eiconsc387.woff2]
[meg220.ru/wp-content/plugins/elementor/assets/lib/eicons/fonts/eiconsc387.woff]
[meg220.ru/wp-content/plugins/elementor/assets/lib/eicons/fonts/eiconsc387.ttf]
[meg220.ru/wp-content/plugins/elementor/assets/lib/eicons/css/elementor-icons.min05c8.css]
[meg220.ru/wp-content/plugins/elementor/assets/css/frontend.minb045.css]
[meg220.ru/wp-content/uploads/2021/11/leftar.svg]
[meg220.ru/wp-content/plugins/elementor-pro/assets/css/frontend.min324d.css]
[meg220.ru/wp-content/plugins/elementor/assets/lib/eicons/fonts/eiconsc387.svg]
[meg220.ru/wp-content/plugins/elementor/assets/lib/font-awesome/webfonts/fa-brands-400.eot]
[meg220.ru/wp-content/plugins/elementor/assets/lib/font-awesome/webfonts/fa-brands-400d41d.eot]
[meg220.ru/wp-content/plugins/elementor/assets/lib/font-awesome/webfonts/fa-brands-400.woff2]
[meg220.ru/wp-content/plugins/elementor/assets/lib/font-awesome/webfonts/fa-brands-400.woff]
[meg220.ru/wp-content/plugins/elementor/assets/lib/font-awesome/webfonts/fa-brands-400.ttf]
[meg220.ru/wp-content/plugins/elementor/assets/lib/font-awesome/webfonts/fa-regular-400.eot]
[meg220.ru/wp-content/plugins/elementor/assets/lib/font-awesome/webfonts/fa-brands-400.svg]
[meg220.ru/wp-content/plugins/elementor/assets/lib/font-awesome/webfonts/fa-regular-400d41d.eot]
[meg220.ru/wp-content/plugins/elementor/assets/lib/font-awesome/webfonts/fa-regular-400.woff2]
[meg220.ru/wp-content/plugins/elementor/assets/lib/font-awesome/webfonts/fa-regular-400.woff]
[meg220.ru/wp-content/plugins/elementor/assets/lib/font-awesome/webfonts/fa-regular-400.ttf]
[meg220.ru/wp-content/plugins/elementor/assets/lib/font-awesome/webfonts/fa-regular-400.svg]
[meg220.ru/wp-content/plugins/elementor/assets/lib/font-awesome/webfonts/fa-solid-900.eot]
[meg220.ru/wp-content/plugins/elementor/assets/lib/font-awesome/webfonts/fa-solid-900d41d.eot]
[meg220.ru/wp-content/plugins/elementor/assets/lib/font-awesome/webfonts/fa-solid-900.woff2]
[meg220.ru/wp-content/plugins/elementor/assets/lib/font-awesome/webfonts/fa-solid-900.woff]
[meg220.ru/wp-content/plugins/elementor/assets/lib/font-awesome/webfonts/fa-solid-900.ttf]
[meg220.ru/wp-content/plugins/elementor/assets/lib/font-awesome/css/all.min6996.css]
[meg220.ru/wp-content/plugins/elementor/assets/lib/font-awesome/css/v4-shims.min1845.css]
[meg220.ru/wp-content/uploads/forminator/css/style-3852d868.css]
[meg220.ru/wp-content/plugins/forminator/assets/forminator-ui/fonts/forminator-icons-font8782.eot]
[meg220.ru/wp-content/plugins/elementor/assets/lib/font-awesome/webfonts/fa-solid-900.svg]
[meg220.ru/wp-content/plugins/forminator/assets/forminator-ui/fonts/forminator-icons-font8782.woff2]
[meg220.ru/wp-content/plugins/forminator/assets/forminator-ui/fonts/forminator-icons-font8782.woff]
[meg220.ru/wp-content/plugins/forminator/assets/forminator-ui/fonts/forminator-icons-font8782.ttf]
[meg220.ru/wp-content/plugins/forminator/assets/forminator-ui/css/forminator-icons.minedf9.css]
[meg220.ru/wp-content/plugins/forminator/assets/forminator-ui/css/src/forminator-utilities.minedf9.css]
[meg220.ru/wp-content/plugins/forminator/assets/forminator-ui/css/src/grid/forminator-grid.open.minedf9.css]
[meg220.ru/wp-content/plugins/forminator/assets/forminator-ui/css/src/form/forminator-form-default.base.minedf9.css]
[meg220.ru/wp-content/plugins/forminator/assets/forminator-ui/css/src/form/forminator-form-default.full.minedf9.css]
[meg220.ru/wp-content/plugins/forminator/assets/forminator-ui/fonts/forminator-icons-font8782.svg]
[meg220.ru/wp-content/plugins/forminator/assets/img/flags.png]
[meg220.ru/wp-content/plugins/forminator/assets/img/flags@2x.png]
[meg220.ru/wp-content/plugins/forminator/assets/css/intlTelInput.minfa0c.css]
[meg220.ru/wp-includes/css/buttons.min6281.css]
[meg220.ru/wp-content/uploads/pum/pum-site-stylesb55a.css]
[meg220.ru/wp-content/uploads/forminator/css/style-10180a83.css]
[meg220.ru/wp-content/plugins/elementor/assets/lib/font-awesome/css/fontawesome.min52d5.css]
[meg220.ru/wp-content/plugins/elementor/assets/lib/font-awesome/css/solid.min52d5.css]
[meg220.ru/wp-content/plugins/elementor/assets/lib/font-awesome/css/brands.min52d5.css]
[meg220.ru/wp-includes/js/jquery/jquery.minaf6c.js]
[meg220.ru/wp-includes/js/jquery/jquery-migrate.mind617.js]
[meg220.ru/wp-content/plugins/chaty/js/cht-front-scriptb03f.js]
[meg220.ru/wp-content/plugins/elementor/assets/lib/font-awesome/js/v4-shims.min1845.js]
[meg220.ru/wp-content/plugins/forminator/assets/js/library/jquery.validate.minedf9.js]
[meg220.ru/wp-content/plugins/forminator/assets/forminator-ui/js/forminator-form.minedf9.js]
[meg220.ru/wp-content/plugins/forminator/build/front/front.multi.minedf9.js]
[meg220.ru/wp-content/plugins/forminator/assets/js/library/intlTelInput.minedf9.js]
[meg220.ru/wp-content/uploads/2021/11/1637261644564-e1637261875516.html]
[meg220.ru/wp-content/plugins/elementor/assets/lib/animations/animations.minb045.css]
[meg220.ru/wp-content/themes/astra/assets/js/minified/frontend.min1ac1.js]
[meg220.ru/wp-content/plugins/ungrabber/js/hotkeys.min7406.js]
[meg220.ru/wp-content/plugins/ungrabber/js/ungrabber.min7406.js]
[meg220.ru/wp-content/plugins/form-masks-for-elementor/assets/lib/jquery.maske225.js]
[meg220.ru/wp-content/plugins/form-masks-for-elementor/assets/js/elementor-maske225.js]
[meg220.ru/wp-includes/js/jquery/ui/core.min35d0.js]
[meg220.ru/assets/js/src/integration/calderaforms.js]
[meg220.ru/Trident/index.html]
[meg220.ru/assets/js/src/integration/contactform7.js]
[meg220.ru/assets/js/src/integration/formidableforms.js]
[meg220.ru/assets/js/src/integration/gravityforms.js]
[meg220.ru/assets/js/src/integration/mc4wp.js]
[meg220.ru/assets/js/src/integration/ninjaforms.js]
[meg220.ru/assets/js/src/integration/wpforms.js]
[meg220.ru/wp-content/uploads/pum/pum-site-scripts3d37.js]
[meg220.ru/wp-content/plugins/wp-smushit/app/assets/js/smush-lazy-load.min2e46.js]
[meg220.ru/[a-z]
[meg220.ru/wp-content/plugins/instagram-feed-pro/js/sbi-scripts.min41a3.js]
[meg220.ru/wp-includes/js/wp-embed.min6281.js]
[meg220.ru/wp-content/plugins/elementor-pro/assets/lib/smartmenus/jquery.smartmenus.minf269.js]
[meg220.ru/wp-content/plugins/elementor-pro/assets/js/webpack-pro.runtime.min324d.js]
[meg220.ru/wp-content/plugins/elementor/assets/js/webpack.runtime.minb045.js]
[meg220.ru/wp-content/plugins/elementor/assets/js/frontend-modules.minb045.js]
[meg220.ru/wp-content/plugins/elementor-pro/assets/lib/sticky/jquery.sticky.min324d.js]
[meg220.ru/wp-content/plugins/elementor-pro/assets/js/frontend.min324d.js]
[meg220.ru/wp-content/plugins/elementor/assets/lib/waypoints/waypoints.min05da.js]
[meg220.ru/wp-content/plugins/elementor/assets/lib/swiper/swiper.min48f5.js]
[meg220.ru/Edge/index.html]
[meg220.ru/Gecko/index.html]
[meg220.ru/Firefox/index.html]
[meg220.ru/wp-content/plugins/elementor/assets/lib/share-link/share-link.minb045.js]
[meg220.ru/Version/index.html]
[meg220.ru/wp-content/plugins/elementor/assets/lib/dialog/dialog.mina288.js]
[meg220.ru/-negative.svg]
[meg220.ru/wp-content/plugins/elementor/assets/js/frontend.minb045.js]
[meg220.ru/wp-content/plugins/elementor-pro/assets/js/preloaded-elements-handlers.min324d.js]
[meg220.ru/wp-content/plugins/elementor/assets/js/preloaded-modules.minb045.js]
[meg220.ru/wp-content/plugins/templately/assets/images/logo-icon.svg]
[meg220.ru/wp-content/plugins/elementor/assets/lib/eicons/fonts/eiconsc387.svg]
[meg220.ru/wp-content/plugins/elementor/assets/lib/font-awesome/webfonts/fa-brands-400.svg]
[meg220.ru/wp-content/plugins/elementor/assets/lib/font-awesome/webfonts/fa-regular-400.svg]
[meg220.ru/wp-content/plugins/elementor/assets/lib/font-awesome/webfonts/fa-solid-900.svg]
[meg220.ru/wp-content/plugins/forminator/assets/forminator-ui/fonts/forminator-icons-font8782.svg]
[meg220.ru/Trident/index.html]
[meg220.ru/assets/js/src/integration/calderaforms.html]
[meg220.ru/assets/js/src/integration/contactform7.html]
[meg220.ru/assets/js/src/integration/formidableforms.html]
[meg220.ru/assets/js/src/integration/gravityforms.html]
[meg220.ru/assets/js/src/integration/mc4wp.html]
[meg220.ru/assets/js/src/integration/ninjaforms.html]
[meg220.ru/assets/js/src/integration/wpforms.html]
[meg220.ru/[a-z.html]
[meg220.ru/Edge/index.html]
[meg220.ru/Gecko/index.html]
[meg220.ru/Firefox/index.html]
[meg220.ru/Version/index.html]
[meg220.ru/version/index-2.html]
[meg220.ru/version/index-2.html]
[meg220.ru/-negative.html]
[meg220.ru/OPR/index.html]
[meg220.ru/OPR/index.html]
